GLIBC_2.2.5 {
  local:
    *;
};
GLIBC_2.2.6 {
  local:
    *;
} GLIBC_2.2.5;
GLIBC_2.3 {
  local:
    *;
} GLIBC_2.2.6;
GLIBC_2.3.2 {
  local:
    *;
} GLIBC_2.3;
GLIBC_2.3.3 {
  local:
    *;
} GLIBC_2.3.2;
GLIBC_2.3.4 {
  local:
    *;
} GLIBC_2.3.3;
GLIBC_2.4 {
  local:
    *;
} GLIBC_2.3.4;
GLIBC_2.5 {
  local:
    *;
} GLIBC_2.4;
GLIBC_2.6 {
  local:
    *;
} GLIBC_2.5;
GLIBC_2.7 {
  local:
    *;
} GLIBC_2.6;
GLIBC_2.8 {
  local:
    *;
} GLIBC_2.7;
GLIBC_2.9 {
  local:
    *;
} GLIBC_2.8;
GLIBC_2.10 {
  local:
    *;
} GLIBC_2.9;
GLIBC_2.11 {
  local:
    *;
} GLIBC_2.10;
GLIBC_2.12 {
  local:
    *;
} GLIBC_2.11;
GLIBC_2.13 {
  local:
    *;
} GLIBC_2.12;
GLIBC_2.14 {
  local:
    *;
} GLIBC_2.13;
GLIBC_2.15 {
  local:
    *;
} GLIBC_2.14;
GLIBC_2.16 {
  local:
    *;
} GLIBC_2.15;
COMPATCOLL_1.0 {
  global:
    set_check_glibc_strcoll;
    unset_check_glibc_strcoll;
    __ctype_b_loc;
    __ctype_init;
    __ctype_tolower;
    __ctype_toupper;
    _tolower;
    _toupper;
    asctime;
    asctime_r;
    bind_textdomain_codeset;
    bindtextdomain;
    ctime;
    ctime_r;
    dcgettext;
    dcngettext;
    dgettext;
    dngettext;
    duplocale;
    freelocale;
    gettext;
    gnu_get_libc_version;
    isalnum;
    isalnum_l;
    isalpha;
    isalpha_l;
    isascii;
    isblank;
    isblank_l;
    iscntrl;
    iscntrl_l;
    __isctype;
    isctype;
    isdigit;
    isdigit_l;
    isgraph;
    isgraph_l;
    islower;
    islower_l;
    isprint;
    isprint_l;
    ispunct;
    ispunct_l;
    isspace;
    isspace_l;
    isupper;
    isupper_l;
    iswalnum;
    iswalnum_l;
    iswalpha;
    iswalpha_l;
    iswblank;
    iswblank_l;
    iswcntrl;
    iswcntrl_l;
    iswctype;
    iswdigit;
    iswdigit_l;
    iswgraph;
    iswgraph_l;
    iswlower;
    iswlower_l;
    iswprint;
    iswprint_l;
    iswpunct;
    iswpunct_l;
    iswspace;
    iswspace_l;
    iswupper;
    iswupper_l;
    iswxdigit;
    iswxdigit_l;
    isxdigit;
    isxdigit_l;
    localeconv;
    mblen;
    mbstowcs;
    mbtowc;
    newlocale;
    ngettext;
    nl_langinfo;
    nl_langinfo_l;
    setlocale;
    strcasecmp;
    strcasecmp_l;
    strcoll;
    strcoll_l;
    strerror;
    strerror_l;
    strerror_r;
    strfmon;
    strfmon_l;
    strftime;
    strncasecmp;
    strncasecmp_l;
    strptime;
    strptime_l;
    strtod;
    strtod_l;
    strtof;
    strtof_l;
    strtol;
    strtol_l;
    strtold;
    strtold_l;
    strtoll;
    strtoll_l;
    strtoul;
    strtoul_l;
    strtoull;
    strtoull_l;
    strxfrm;
    strxfrm_l;
    textdomain;
    toascii;
    tolower;
    tolower_l;
    toupper;
    toupper_l;
    towctrans;
    towlower;
    towlower_l;
    towupper;
    towupper_l;
    uselocale;
    wcscasecmp;
    wcscasecmp_l;
    wcscoll;
    wcscoll_l;
    wcsftime;
    wcsncasecmp;
    wcsncasecmp_l;
    wcstod;
    wcstod_l;
    wcstof;
    wcstof_l;
    wcstol;
    wcstol_l;
    wcstold;
    wcstold_l;
    wcstoll;
    wcstoll_l;
    wcstombs;
    wcstoul;
    wcstoul_l;
    wcstoull;
    wcstoull_l;
    wcsxfrm;
    wcsxfrm_l;
    wctomb;
    wctrans;
    wctype;
  local:
    *;
} GLIBC_2.16;
GLIBC_PRIVATE {
  local:
    *;
} COMPATCOLL_1.0;

